// Jest Snapshot v1, https://goo.gl/fbAQLP

exports[`Storyshots Checkbox & Label Checkbox & Label 1`] = `
<div
  className="sc-gZMcBi ezKbCM"
>
  <div>
    <div
      style={
        Object {
          "position": "relative",
          "zIndex": 0,
        }
      }
    >
      <div>
        <div
          className="Checkbox Label sc-iwsKbI gwpwnA"
          type="checkbox"
        >
          <input
            checked="0"
            className="sc-dnqmqq eSdcTZ"
            id="a3521b77-9161-4d2a-a62e-a0121c7881b7"
            name="rememberMe"
            onClick={[Function]}
            onMouseDown={[Function]}
            onMouseMove={[Function]}
            onMouseUp={[Function]}
            onTouchEnd={[Function]}
            onTouchMove={[Function]}
            onTouchStart={[Function]}
            type="checkbox"
          />
          <label
            className="sc-bZQynM iAAiGA"
            htmlFor="a3521b77-9161-4d2a-a62e-a0121c7881b7"
            onClick={[Function]}
            onMouseDown={[Function]}
            onMouseMove={[Function]}
            onMouseUp={[Function]}
            onTouchEnd={[Function]}
            onTouchMove={[Function]}
            onTouchStart={[Function]}
          >
            <span
              className="sc-EHOje cfLidq"
            >
              Checkbox Label
            </span>
          </label>
        </div>
      </div>
    </div>
    <button
      onClick={[Function]}
      onMouseDown={[Function]}
      onMouseMove={[Function]}
      onMouseUp={[Function]}
      onTouchEnd={[Function]}
      onTouchMove={[Function]}
      onTouchStart={[Function]}
      style={
        Object {
          "background": "#28c",
          "border": "none",
          "borderRadius": "0 0 0 5px",
          "color": "#fff",
          "cursor": "pointer",
          "display": "block",
          "fontFamily": "sans-serif",
          "fontSize": "12px",
          "padding": "5px 15px",
          "position": "fixed",
          "right": 0,
          "top": 0,
        }
      }
      type="button"
    >
      Show Info
    </button>
    <div
      style={
        Object {
          "background": "white",
          "bottom": 0,
          "display": "none",
          "left": 0,
          "overflow": "auto",
          "padding": "0 40px",
          "position": "fixed",
          "right": 0,
          "top": 0,
          "zIndex": 99999,
        }
      }
    >
      <button
        onClick={[Function]}
        onMouseDown={[Function]}
        onMouseMove={[Function]}
        onMouseUp={[Function]}
        onTouchEnd={[Function]}
        onTouchMove={[Function]}
        onTouchStart={[Function]}
        style={
          Object {
            "background": "#28c",
            "border": "none",
            "borderRadius": "0 0 0 5px",
            "color": "#fff",
            "cursor": "pointer",
            "display": "block",
            "fontFamily": "sans-serif",
            "fontSize": "12px",
            "padding": "5px 15px",
            "position": "fixed",
            "right": 0,
            "top": 0,
          }
        }
        type="button"
      >
        ×
      </button>
      <div
        style={undefined}
      >
        <div
          style={
            Object {
              "WebkitFontSmoothing": "antialiased",
              "backgroundColor": "#fff",
              "border": "1px solid #eee",
              "borderRadius": "2px",
              "boxShadow": "0px 2px 3px rgba(0, 0, 0, 0.05)",
              "color": "#444",
              "fontFamily": "-apple-system, \\".SFNSText-Regular\\", \\"San Francisco\\", BlinkMacSystemFont, \\"Segoe UI\\", \\"Roboto\\", \\"Oxygen\\", \\"Ubuntu\\", \\"Cantarell\\", \\"Fira Sans\\", \\"Droid Sans\\", \\"Helvetica Neue\\", \\"Lucida Grande\\", \\"Arial\\", sans-serif",
              "fontSize": "15px",
              "fontWeight": 300,
              "lineHeight": 1.45,
              "marginTop": "50px",
              "padding": "20px 40px 40px",
            }
          }
        >
          <div
            style={
              Object {
                "borderBottom": "1px solid #eee",
                "marginBottom": 10,
                "paddingTop": 10,
              }
            }
          >
            <h1
              style={
                Object {
                  "fontSize": "35px",
                  "margin": 0,
                  "padding": 0,
                }
              }
            >
              Checkbox & Label
            </h1>
            <h2
              style={
                Object {
                  "fontSize": "22px",
                  "fontWeight": 400,
                  "margin": "0 0 10px 0",
                  "padding": 0,
                }
              }
            >
              Checkbox & Label
            </h2>
          </div>
          <div
            style={
              Object {
                "marginBottom": 0,
              }
            }
          >
            <p
              style={
                Object {
                  "WebkitFontSmoothing": "antialiased",
                  "color": "#444",
                  "fontFamily": "-apple-system, \\".SFNSText-Regular\\", \\"San Francisco\\", BlinkMacSystemFont, \\"Segoe UI\\", \\"Roboto\\", \\"Oxygen\\", \\"Ubuntu\\", \\"Cantarell\\", \\"Fira Sans\\", \\"Droid Sans\\", \\"Helvetica Neue\\", \\"Lucida Grande\\", \\"Arial\\", sans-serif",
                  "fontSize": "15px",
                }
              }
            >
              A styled checkbox that is wrapped and the 
              <em>
                onClick
              </em>
               is attached to the wrapper (value is still bound to the underlying 
              <em>
                &lt;input type=checkbox /&gt;
              </em>
              ) to facilitate the checkbox behavior.
            </p>
          </div>
          <div>
            <h1
              style={
                Object {
                  "borderBottom": "1px solid #EEE",
                  "fontSize": "25px",
                  "margin": "20px 0 0 0",
                  "padding": "0 0 5px 0",
                }
              }
            >
              Story Source
            </h1>
            <pre
              style={
                Object {
                  "backgroundColor": "#fafafa",
                  "fontFamily": "Menlo, Monaco, \\"Courier New\\", monospace",
                  "fontSize": ".88em",
                  "lineHeight": 1.5,
                  "overflowX": "scroll",
                  "padding": ".5rem",
                }
              }
            >
              <div>
                <div
                  style={
                    Object {
                      "paddingLeft": 18,
                      "paddingRight": 3,
                    }
                  }
                >
                  <span
                    style={
                      Object {
                        "color": "#777",
                      }
                    }
                  >
                    &lt;
                    div
                  </span>
                  <span />
                  <span
                    style={
                      Object {
                        "color": "#777",
                      }
                    }
                  >
                    &gt;
                  </span>
                </div>
                <div
                  style={
                    Object {
                      "paddingLeft": 33,
                      "paddingRight": 3,
                    }
                  }
                >
                  <span
                    style={
                      Object {
                        "color": "#777",
                      }
                    }
                  >
                    &lt;
                    FormField
                  </span>
                  <span>
                    <span>
                      <span>
                        <br />
                          
                      </span>
                      <span
                        style={Object {}}
                      >
                        className
                      </span>
                      <span>
                        =
                        <span
                          style={Object {}}
                        >
                          <span
                            style={
                              Object {
                                "color": "#22a",
                                "wordBreak": "break-word",
                              }
                            }
                          >
                            "
                            Checkbox Label
                            "
                          </span>
                        </span>
                      </span>
                    </span>
                    <span>
                      <span>
                        <br />
                          
                      </span>
                      <span
                        style={Object {}}
                      >
                        label
                      </span>
                      <span>
                        =
                        <span
                          style={Object {}}
                        >
                          <span
                            style={
                              Object {
                                "color": "#22a",
                                "wordBreak": "break-word",
                              }
                            }
                          >
                            "
                            Checkbox Label
                            "
                          </span>
                        </span>
                      </span>
                    </span>
                    <span>
                      <span>
                        <br />
                          
                      </span>
                      <span
                        style={Object {}}
                      >
                        type
                      </span>
                      <span>
                        =
                        <span
                          style={Object {}}
                        >
                          <span
                            style={
                              Object {
                                "color": "#22a",
                                "wordBreak": "break-word",
                              }
                            }
                          >
                            "
                            checkbox
                            "
                          </span>
                        </span>
                      </span>
                    </span>
                    <span>
                      <span>
                        <br />
                          
                      </span>
                      <span
                        style={Object {}}
                      >
                        name
                      </span>
                      <span>
                        =
                        <span
                          style={Object {}}
                        >
                          <span
                            style={
                              Object {
                                "color": "#22a",
                                "wordBreak": "break-word",
                              }
                            }
                          >
                            "
                            rememberMe
                            "
                          </span>
                        </span>
                      </span>
                    </span>
                    <span>
                      <span>
                        <br />
                          
                      </span>
                      <span
                        style={Object {}}
                      >
                        checked
                      </span>
                      <span>
                        =
                        <span
                          style={Object {}}
                        >
                          <span
                            style={
                              Object {
                                "color": "#22a",
                                "wordBreak": "break-word",
                              }
                            }
                          >
                            "
                            0
                            "
                          </span>
                        </span>
                      </span>
                      <br />
                    </span>
                  </span>
                  <span
                    style={
                      Object {
                        "color": "#777",
                      }
                    }
                  >
                    /&gt;
                  </span>
                </div>
                <div
                  style={
                    Object {
                      "paddingLeft": 18,
                      "paddingRight": 3,
                    }
                  }
                >
                  <span
                    style={
                      Object {
                        "color": "#777",
                      }
                    }
                  >
                    &lt;/
                    div
                    &gt;
                  </span>
                </div>
              </div>
            </pre>
          </div>
          <div>
            <h1
              style={
                Object {
                  "borderBottom": "1px solid #EEE",
                  "fontSize": "25px",
                  "margin": "20px 0 0 0",
                  "padding": "0 0 5px 0",
                }
              }
            >
              Prop Types
            </h1>
            <div>
              <h2
                style={
                  Object {
                    "margin": "20px 0 0 0",
                  }
                }
              >
                "
                FormField
                " Component
              </h2>
              <table
                style={
                  Object {
                    "borderCollapse": "separate",
                    "borderSpacing": "10px 5px",
                    "marginLeft": -10,
                  }
                }
              >
                <thead>
                  <tr>
                    <th>
                      property
                    </th>
                    <th>
                      propType
                    </th>
                    <th>
                      required
                    </th>
                    <th>
                      default
                    </th>
                    <th>
                      description
                    </th>
                  </tr>
                </thead>
                <tbody>
                  <tr>
                    <td>
                      handlers
                    </td>
                    <td>
                      other
                    </td>
                    <td>
                      no
                    </td>
                    <td>
                      <span>
                        {
                        <span
                          style={
                            Object {
                              "color": "#666",
                            }
                          }
                        >
                          {
                          }
                        </span>
                        }
                      </span>
                    </td>
                    <td />
                  </tr>
                  <tr>
                    <td>
                      meta
                    </td>
                    <td>
                      other
                    </td>
                    <td>
                      no
                    </td>
                    <td>
                      <span>
                        {
                        <span
                          style={
                            Object {
                              "color": "#666",
                            }
                          }
                        >
                          {
                          }
                        </span>
                        }
                      </span>
                    </td>
                    <td />
                  </tr>
                  <tr>
                    <td>
                      className
                    </td>
                    <td>
                      string
                    </td>
                    <td>
                      no
                    </td>
                    <td>
                      <span
                        style={
                          Object {
                            "color": "#22a",
                            "wordBreak": "break-word",
                          }
                        }
                      >
                        "
                        
                        "
                      </span>
                    </td>
                    <td />
                  </tr>
                  <tr>
                    <td>
                      input
                    </td>
                    <td>
                      other
                    </td>
                    <td>
                      no
                    </td>
                    <td>
                      <span>
                        {
                        <span
                          style={
                            Object {
                              "color": "#666",
                            }
                          }
                        >
                          {
                          }
                        </span>
                        }
                      </span>
                    </td>
                    <td />
                  </tr>
                  <tr>
                    <td>
                      label
                    </td>
                    <td>
                      string
                    </td>
                    <td>
                      no
                    </td>
                    <td>
                      -
                    </td>
                    <td />
                  </tr>
                  <tr>
                    <td>
                      name
                    </td>
                    <td>
                      string
                    </td>
                    <td>
                      no
                    </td>
                    <td>
                      -
                    </td>
                    <td />
                  </tr>
                  <tr>
                    <td>
                      id
                    </td>
                    <td>
                      string
                    </td>
                    <td>
                      yes
                    </td>
                    <td>
                      <span
                        style={
                          Object {
                            "color": "#22a",
                            "wordBreak": "break-word",
                          }
                        }
                      >
                        "
                        a3521b77-9161-4d2a-a62e-a0121c7881b7
                        "
                      </span>
                    </td>
                    <td />
                  </tr>
                  <tr>
                    <td>
                      checked
                    </td>
                    <td>
                      bool
                    </td>
                    <td>
                      no
                    </td>
                    <td>
                      -
                    </td>
                    <td />
                  </tr>
                  <tr>
                    <td>
                      placeholder
                    </td>
                    <td>
                      string
                    </td>
                    <td>
                      no
                    </td>
                    <td>
                      -
                    </td>
                    <td />
                  </tr>
                  <tr>
                    <td>
                      type
                    </td>
                    <td>
                      string
                    </td>
                    <td>
                      no
                    </td>
                    <td>
                      -
                    </td>
                    <td />
                  </tr>
                  <tr>
                    <td>
                      value
                    </td>
                    <td>
                      other
                    </td>
                    <td>
                      no
                    </td>
                    <td>
                      -
                    </td>
                    <td />
                  </tr>
                </tbody>
              </table>
            </div>
          </div>
        </div>
      </div>
    </div>
  </div>
</div>
`;
